foo
BaR
baz XyZ
XyZ sed
awk XyZ sed
ZyX
XyZxZyX
ElEpHaNt
TrUnK
